
> test:frontend
> cd frontend && npx vitest run


[1m[46m RUN [49m[22m [36mv4.0.18 [39m[90m/home/sam/Desktop/Sam/Coding/license-plate-game/frontend[39m

 [31m❯[39m src/api/plateService.test.ts [2m([22m[2m2 tests[22m[2m | [22m[31m2 failed[39m[2m)[22m[32m 3[2mms[22m[39m
[31m     [31m×[31m fetchRandomPlate transforms snake_case to camelCase[39m[32m 2[2mms[22m[39m
[31m     [31m×[31m fetchDailyPlate uses the correct date and transforms snake_case[39m[32m 0[2mms[22m[39m
 [31m❯[39m src/components/Header.test.tsx [2m([22m[2m4 tests[22m[2m | [22m[31m1 failed[39m[2m)[22m[32m 158[2mms[22m[39m
     [32m✓[39m renders correctly on the homepage[32m 60[2mms[22m[39m
     [32m✓[39m renders the back button when NOT on the homepage[32m 9[2mms[22m[39m
     [32m✓[39m toggles the theme mode when clicking the theme icon[32m 7[2mms[22m[39m
[31m     [31m×[31m opens the tutorial modal when clicking the help icon[39m[32m 81[2mms[22m[39m
 [32m✓[39m src/App.test.tsx [2m([22m[2m1 test[22m[2m)[22m[32m 169[2mms[22m[39m

[2m Test Files [22m [1m[31m2 failed[39m[22m[2m | [22m[1m[32m1 passed[39m[22m[90m (3)[39m
[2m      Tests [22m [1m[31m3 failed[39m[22m[2m | [22m[1m[32m4 passed[39m[22m[90m (7)[39m
[2m   Start at [22m 17:42:30
[2m   Duration [22m 966ms[2m (transform 153ms, setup 105ms, import 684ms, tests 330ms, environment 816ms)[22m

